algorithm	labels
test-data-s1	1
test-data-s2	2
test-data-s3	3
